// Jest Snapshot v1, https://goo.gl/fbAQLP

exports[`testing the rendering of missions  1`] = `
<div>
  <ul
    class="missionContainer"
  >
    <li
      class="missionHeader"
    >
      <h3>
        Mission
      </h3>
      <h3>
        Description
      </h3>
      <h3>
        Status
      </h3>
    </li>
  </ul>
</div>
`;