// Jest Snapshot v1, https://goo.gl/fbAQLP

exports[`testing the rendering of rockets  1`] = `
<div>
  <div
    class="rockets d-col-flex"
  />
</div>
`;